#!python
cubit.cmd('create sphere radius  ')
cubit.cmd('create sphere radius 5 ')
cubit.cmd('mesh volume 1')
cubit.cmd('mesh volume 1')
cubit.cmd('volume 1 scheme Tetmesh')
cubit.cmd('volume 1 tetmesh respect node  ')
cubit.cmd('delete Volume 1')
cubit.cmd('create sphere radius 5 ')
cubit.cmd('mesh volume 2 ')
cubit.cmd('delete mesh volume 22 propagate')
cubit.cmd('delete mesh volume 2 propagate')
cubit.cmd('volume 2  scheme TetPrimitive ')
cubit.cmd('volume 2  scheme TetPrimitive ')
cubit.cmd('mesh volume 2 ')
cubit.cmd('delete mesh volume 2 propagate')
cubit.cmd('create mesh geometry Tet 2 feature_angle 135.0')
cubit.cmd('create mesh geometry Tet 2 feature_angle 135.0')
cubit.cmd('create mesh geometry Tet  feature_angle 135.0 keep ')
cubit.cmd('create mesh geometry Tet  feature_angle 135.0 keep ')
cubit.cmd('create mesh geometry Tet  feature_angle 135.0 keep ')
cubit.cmd('create mesh geometry Tet  ')
cubit.cmd('create mesh geometry Tet   keep ')
cubit.cmd('create tet node 1 2 3 4 ')
cubit.cmd('volume 2 scheme Tetmesh')
cubit.cmd('volume 2 scheme Tetmesh')
cubit.cmd('mesh volume 2')
cubit.cmd('mesh Volume 2')
cubit.cmd('delete Volume 2')
cubit.cmd('undo')
cubit.cmd('undo')
cubit.cmd('reset')
cubit.cmd('create sphere radius 5 ')
cubit.cmd('volume 1  scheme Tetmesh')
cubit.cmd('mesh volume 1 ')
cubit.cmd('save as "/home/elliott/Research/burnup/cubit01.cub" overwrite')
cubit.cmd('save as "/home/elliott/Research/sampling_sandbox/5sphere.cub" overwrite')
